Timing Analyzer report for uniciclo
Sun Jun 16 15:04:18 2019
Quartus Prime Version 18.1.0 Build 625 09/12/2018 SJ Lite Edition


---------------------
; Table of Contents ;
---------------------
  1. Legal Notice
  2. Timing Analyzer Summary
  3. Parallel Compilation
  4. Clocks
  5. Slow 1100mV 85C Model Fmax Summary
  6. Timing Closure Recommendations
  7. Slow 1100mV 85C Model Setup Summary
  8. Slow 1100mV 85C Model Hold Summary
  9. Slow 1100mV 85C Model Recovery Summary
 10. Slow 1100mV 85C Model Removal Summary
 11. Slow 1100mV 85C Model Minimum Pulse Width Summary
 12. Slow 1100mV 85C Model Metastability Summary
 13. Slow 1100mV 0C Model Fmax Summary
 14. Slow 1100mV 0C Model Setup Summary
 15. Slow 1100mV 0C Model Hold Summary
 16. Slow 1100mV 0C Model Recovery Summary
 17. Slow 1100mV 0C Model Removal Summary
 18. Slow 1100mV 0C Model Minimum Pulse Width Summary
 19. Slow 1100mV 0C Model Metastability Summary
 20. Fast 1100mV 85C Model Setup Summary
 21. Fast 1100mV 85C Model Hold Summary
 22. Fast 1100mV 85C Model Recovery Summary
 23. Fast 1100mV 85C Model Removal Summary
 24. Fast 1100mV 85C Model Minimum Pulse Width Summary
 25. Fast 1100mV 85C Model Metastability Summary
 26. Fast 1100mV 0C Model Setup Summary
 27. Fast 1100mV 0C Model Hold Summary
 28. Fast 1100mV 0C Model Recovery Summary
 29. Fast 1100mV 0C Model Removal Summary
 30. Fast 1100mV 0C Model Minimum Pulse Width Summary
 31. Fast 1100mV 0C Model Metastability Summary
 32. Multicorner Timing Analysis Summary
 33. Board Trace Model Assignments
 34. Input Transition Times
 35. Signal Integrity Metrics (Slow 1100mv 0c Model)
 36. Signal Integrity Metrics (Slow 1100mv 85c Model)
 37. Signal Integrity Metrics (Fast 1100mv 0c Model)
 38. Signal Integrity Metrics (Fast 1100mv 85c Model)
 39. Clock Transfers
 40. Report TCCS
 41. Report RSKM
 42. Unconstrained Paths Summary
 43. Clock Status Summary
 44. Unconstrained Input Ports
 45. Unconstrained Output Ports
 46. Unconstrained Input Ports
 47. Unconstrained Output Ports
 48. Timing Analyzer Messages



----------------
; Legal Notice ;
----------------
Copyright (C) 2018  Intel Corporation. All rights reserved.
Your use of Intel Corporation's design tools, logic functions 
and other software and tools, and its AMPP partner logic 
functions, and any output files from any of the foregoing 
(including device programming or simulation files), and any 
associated documentation or information are expressly subject 
to the terms and conditions of the Intel Program License 
Subscription Agreement, the Intel Quartus Prime License Agreement,
the Intel FPGA IP License Agreement, or other applicable license
agreement, including, without limitation, that your use is for
the sole purpose of programming logic devices manufactured by
Intel and sold by Intel or its authorized distributors.  Please
refer to the applicable agreement for further details.



+-----------------------------------------------------------------------------+
; Timing Analyzer Summary                                                     ;
+-----------------------+-----------------------------------------------------+
; Quartus Prime Version ; Version 18.1.0 Build 625 09/12/2018 SJ Lite Edition ;
; Timing Analyzer       ; Legacy Timing Analyzer                              ;
; Revision Name         ; uniciclo                                            ;
; Device Family         ; Cyclone V                                           ;
; Device Name           ; 5CSEMA5F31C6                                        ;
; Timing Models         ; Final                                               ;
; Delay Model           ; Combined                                            ;
; Rise/Fall Delays      ; Enabled                                             ;
+-----------------------+-----------------------------------------------------+


+------------------------------------------+
; Parallel Compilation                     ;
+----------------------------+-------------+
; Processors                 ; Number      ;
+----------------------------+-------------+
; Number detected on machine ; 4           ;
; Maximum allowed            ; 2           ;
;                            ;             ;
; Average used               ; 1.41        ;
; Maximum used               ; 2           ;
;                            ;             ;
; Usage by Processor         ; % Time Used ;
;     Processor 1            ; 100.0%      ;
;     Processor 2            ;  40.6%      ;
+----------------------------+-------------+


+----------------------------------------------------------------------------------------------------------------------------------------------------------------------------------+
; Clocks                                                                                                                                                                           ;
+------------+------+--------+------------+-------+-------+------------+-----------+-------------+-------+--------+-----------+------------+----------+--------+--------+----------+
; Clock Name ; Type ; Period ; Frequency  ; Rise  ; Fall  ; Duty Cycle ; Divide by ; Multiply by ; Phase ; Offset ; Edge List ; Edge Shift ; Inverted ; Master ; Source ; Targets  ;
+------------+------+--------+------------+-------+-------+------------+-----------+-------------+-------+--------+-----------+------------+----------+--------+--------+----------+
; iCLK       ; Base ; 1.000  ; 1000.0 MHz ; 0.000 ; 0.500 ;            ;           ;             ;       ;        ;           ;            ;          ;        ;        ; { iCLK } ;
+------------+------+--------+------------+-------+-------+------------+-----------+-------------+-------+--------+-----------+------------+----------+--------+--------+----------+


--------------------------------------
; Slow 1100mV 85C Model Fmax Summary ;
--------------------------------------
No paths to report.


----------------------------------
; Timing Closure Recommendations ;
----------------------------------
HTML report is unavailable in plain text report export.


---------------------------------------
; Slow 1100mV 85C Model Setup Summary ;
---------------------------------------
No paths to report.


--------------------------------------
; Slow 1100mV 85C Model Hold Summary ;
--------------------------------------
No paths to report.


------------------------------------------
; Slow 1100mV 85C Model Recovery Summary ;
------------------------------------------
No paths to report.


-----------------------------------------
; Slow 1100mV 85C Model Removal Summary ;
-----------------------------------------
No paths to report.


+---------------------------------------------------+
; Slow 1100mV 85C Model Minimum Pulse Width Summary ;
+-------+--------+----------------------------------+
; Clock ; Slack  ; End Point TNS                    ;
+-------+--------+----------------------------------+
; iCLK  ; -0.394 ; -576.161                         ;
+-------+--------+----------------------------------+


-----------------------------------------------
; Slow 1100mV 85C Model Metastability Summary ;
-----------------------------------------------
No synchronizer chains to report.


-------------------------------------
; Slow 1100mV 0C Model Fmax Summary ;
-------------------------------------
No paths to report.


--------------------------------------
; Slow 1100mV 0C Model Setup Summary ;
--------------------------------------
No paths to report.


-------------------------------------
; Slow 1100mV 0C Model Hold Summary ;
-------------------------------------
No paths to report.


-----------------------------------------
; Slow 1100mV 0C Model Recovery Summary ;
-----------------------------------------
No paths to report.


----------------------------------------
; Slow 1100mV 0C Model Removal Summary ;
----------------------------------------
No paths to report.


+--------------------------------------------------+
; Slow 1100mV 0C Model Minimum Pulse Width Summary ;
+-------+--------+---------------------------------+
; Clock ; Slack  ; End Point TNS                   ;
+-------+--------+---------------------------------+
; iCLK  ; -0.394 ; -648.577                        ;
+-------+--------+---------------------------------+


----------------------------------------------
; Slow 1100mV 0C Model Metastability Summary ;
----------------------------------------------
No synchronizer chains to report.


---------------------------------------
; Fast 1100mV 85C Model Setup Summary ;
---------------------------------------
No paths to report.


--------------------------------------
; Fast 1100mV 85C Model Hold Summary ;
--------------------------------------
No paths to report.


------------------------------------------
; Fast 1100mV 85C Model Recovery Summary ;
------------------------------------------
No paths to report.


-----------------------------------------
; Fast 1100mV 85C Model Removal Summary ;
-----------------------------------------
No paths to report.


+---------------------------------------------------+
; Fast 1100mV 85C Model Minimum Pulse Width Summary ;
+-------+-------+-----------------------------------+
; Clock ; Slack ; End Point TNS                     ;
+-------+-------+-----------------------------------+
; iCLK  ; 0.065 ; 0.000                             ;
+-------+-------+-----------------------------------+


-----------------------------------------------
; Fast 1100mV 85C Model Metastability Summary ;
-----------------------------------------------
No synchronizer chains to report.


--------------------------------------
; Fast 1100mV 0C Model Setup Summary ;
--------------------------------------
No paths to report.


-------------------------------------
; Fast 1100mV 0C Model Hold Summary ;
-------------------------------------
No paths to report.


-----------------------------------------
; Fast 1100mV 0C Model Recovery Summary ;
-----------------------------------------
No paths to report.


----------------------------------------
; Fast 1100mV 0C Model Removal Summary ;
----------------------------------------
No paths to report.


+--------------------------------------------------+
; Fast 1100mV 0C Model Minimum Pulse Width Summary ;
+-------+-------+----------------------------------+
; Clock ; Slack ; End Point TNS                    ;
+-------+-------+----------------------------------+
; iCLK  ; 0.052 ; 0.000                            ;
+-------+-------+----------------------------------+


----------------------------------------------
; Fast 1100mV 0C Model Metastability Summary ;
----------------------------------------------
No synchronizer chains to report.


+----------------------------------------------------------------------------+
; Multicorner Timing Analysis Summary                                        ;
+------------------+-------+------+----------+---------+---------------------+
; Clock            ; Setup ; Hold ; Recovery ; Removal ; Minimum Pulse Width ;
+------------------+-------+------+----------+---------+---------------------+
; Worst-case Slack ; N/A   ; N/A  ; N/A      ; N/A     ; -0.394              ;
;  iCLK            ; N/A   ; N/A  ; N/A      ; N/A     ; -0.394              ;
; Design-wide TNS  ; 0.0   ; 0.0  ; 0.0      ; 0.0     ; -648.577            ;
;  iCLK            ; N/A   ; N/A  ; N/A      ; N/A     ; -648.577            ;
+------------------+-------+------+----------+---------+---------------------+


+--------------------------------------------------------------------------------------------------------------------------------------------------------------------------------------------------------------------------------------------------------------------------------------------------------------------------------------------------------------------------------------------------------+
; Board Trace Model Assignments                                                                                                                                                                                                                                                                                                                                                                          ;
+-----+--------------+-------------------+-------------------------+-------------------------+---------------+---------------------+----------------+------------------+--------+------------------+------------------------+------------------------+--------------+---------------+-----------------+-------+---------------------+--------------------+---------------+-----------------+-------------+
; Pin ; I/O Standard ; Near Tline Length ; Near Tline L per Length ; Near Tline C per Length ; Near Series R ; Near Differential R ; Near Pull-up R ; Near Pull-down R ; Near C ; Far Tline Length ; Far Tline L per Length ; Far Tline C per Length ; Far Series R ; Far Pull-up R ; Far Pull-down R ; Far C ; Termination Voltage ; Far Differential R ; EBD File Name ; EBD Signal Name ; EBD Far-end ;
+-----+--------------+-------------------+-------------------------+-------------------------+---------------+---------------------+----------------+------------------+--------+------------------+------------------------+------------------------+--------------+---------------+-----------------+-------+---------------------+--------------------+---------------+-----------------+-------------+


+--------------------------------------------------------+
; Input Transition Times                                 ;
+-----+--------------+-----------------+-----------------+
; Pin ; I/O Standard ; 10-90 Rise Time ; 90-10 Fall Time ;
+-----+--------------+-----------------+-----------------+


+----------------------------------------------------------------------------------------------------------------------------------------------------------------------------------------------------------------------------------------------------------------------------------------------------------------------------------------------------------------------------------------------------------------------------------------------------------------------------------------------------------------------------------------------------------------------------------------------------------------------------------------------------------------------------------+
; Signal Integrity Metrics (Slow 1100mv 0c Model)                                                                                                                                                                                                                                                                                                                                                                                                                                                                                                                                                                                                                                  ;
+-----+--------------+---------------------+---------------------+------------------------------+------------------------------+---------------------+---------------------+--------------------------------------+--------------------------------------+-----------------------------+-----------------------------+----------------------------+----------------------------+-----------------------------+-----------------------------+--------------------+--------------------+-------------------------------------+-------------------------------------+----------------------------+----------------------------+---------------------------+---------------------------+
; Pin ; I/O Standard ; Board Delay on Rise ; Board Delay on Fall ; Steady State Voh at FPGA Pin ; Steady State Vol at FPGA Pin ; Voh Max at FPGA Pin ; Vol Min at FPGA Pin ; Ringback Voltage on Rise at FPGA Pin ; Ringback Voltage on Fall at FPGA Pin ; 10-90 Rise Time at FPGA Pin ; 90-10 Fall Time at FPGA Pin ; Monotonic Rise at FPGA Pin ; Monotonic Fall at FPGA Pin ; Steady State Voh at Far-end ; Steady State Vol at Far-end ; Voh Max at Far-end ; Vol Min at Far-end ; Ringback Voltage on Rise at Far-end ; Ringback Voltage on Fall at Far-end ; 10-90 Rise Time at Far-end ; 90-10 Fall Time at Far-end ; Monotonic Rise at Far-end ; Monotonic Fall at Far-end ;
+-----+--------------+---------------------+---------------------+------------------------------+------------------------------+---------------------+---------------------+--------------------------------------+--------------------------------------+-----------------------------+-----------------------------+----------------------------+----------------------------+-----------------------------+-----------------------------+--------------------+--------------------+-------------------------------------+-------------------------------------+----------------------------+----------------------------+---------------------------+---------------------------+


+----------------------------------------------------------------------------------------------------------------------------------------------------------------------------------------------------------------------------------------------------------------------------------------------------------------------------------------------------------------------------------------------------------------------------------------------------------------------------------------------------------------------------------------------------------------------------------------------------------------------------------------------------------------------------------+
; Signal Integrity Metrics (Slow 1100mv 85c Model)                                                                                                                                                                                                                                                                                                                                                                                                                                                                                                                                                                                                                                 ;
+-----+--------------+---------------------+---------------------+------------------------------+------------------------------+---------------------+---------------------+--------------------------------------+--------------------------------------+-----------------------------+-----------------------------+----------------------------+----------------------------+-----------------------------+-----------------------------+--------------------+--------------------+-------------------------------------+-------------------------------------+----------------------------+----------------------------+---------------------------+---------------------------+
; Pin ; I/O Standard ; Board Delay on Rise ; Board Delay on Fall ; Steady State Voh at FPGA Pin ; Steady State Vol at FPGA Pin ; Voh Max at FPGA Pin ; Vol Min at FPGA Pin ; Ringback Voltage on Rise at FPGA Pin ; Ringback Voltage on Fall at FPGA Pin ; 10-90 Rise Time at FPGA Pin ; 90-10 Fall Time at FPGA Pin ; Monotonic Rise at FPGA Pin ; Monotonic Fall at FPGA Pin ; Steady State Voh at Far-end ; Steady State Vol at Far-end ; Voh Max at Far-end ; Vol Min at Far-end ; Ringback Voltage on Rise at Far-end ; Ringback Voltage on Fall at Far-end ; 10-90 Rise Time at Far-end ; 90-10 Fall Time at Far-end ; Monotonic Rise at Far-end ; Monotonic Fall at Far-end ;
+-----+--------------+---------------------+---------------------+------------------------------+------------------------------+---------------------+---------------------+--------------------------------------+--------------------------------------+-----------------------------+-----------------------------+----------------------------+----------------------------+-----------------------------+-----------------------------+--------------------+--------------------+-------------------------------------+-------------------------------------+----------------------------+----------------------------+---------------------------+---------------------------+


+----------------------------------------------------------------------------------------------------------------------------------------------------------------------------------------------------------------------------------------------------------------------------------------------------------------------------------------------------------------------------------------------------------------------------------------------------------------------------------------------------------------------------------------------------------------------------------------------------------------------------------------------------------------------------------+
; Signal Integrity Metrics (Fast 1100mv 0c Model)                                                                                                                                                                                                                                                                                                                                                                                                                                                                                                                                                                                                                                  ;
+-----+--------------+---------------------+---------------------+------------------------------+------------------------------+---------------------+---------------------+--------------------------------------+--------------------------------------+-----------------------------+-----------------------------+----------------------------+----------------------------+-----------------------------+-----------------------------+--------------------+--------------------+-------------------------------------+-------------------------------------+----------------------------+----------------------------+---------------------------+---------------------------+
; Pin ; I/O Standard ; Board Delay on Rise ; Board Delay on Fall ; Steady State Voh at FPGA Pin ; Steady State Vol at FPGA Pin ; Voh Max at FPGA Pin ; Vol Min at FPGA Pin ; Ringback Voltage on Rise at FPGA Pin ; Ringback Voltage on Fall at FPGA Pin ; 10-90 Rise Time at FPGA Pin ; 90-10 Fall Time at FPGA Pin ; Monotonic Rise at FPGA Pin ; Monotonic Fall at FPGA Pin ; Steady State Voh at Far-end ; Steady State Vol at Far-end ; Voh Max at Far-end ; Vol Min at Far-end ; Ringback Voltage on Rise at Far-end ; Ringback Voltage on Fall at Far-end ; 10-90 Rise Time at Far-end ; 90-10 Fall Time at Far-end ; Monotonic Rise at Far-end ; Monotonic Fall at Far-end ;
+-----+--------------+---------------------+---------------------+------------------------------+------------------------------+---------------------+---------------------+--------------------------------------+--------------------------------------+-----------------------------+-----------------------------+----------------------------+----------------------------+-----------------------------+-----------------------------+--------------------+--------------------+-------------------------------------+-------------------------------------+----------------------------+----------------------------+---------------------------+---------------------------+


+----------------------------------------------------------------------------------------------------------------------------------------------------------------------------------------------------------------------------------------------------------------------------------------------------------------------------------------------------------------------------------------------------------------------------------------------------------------------------------------------------------------------------------------------------------------------------------------------------------------------------------------------------------------------------------+
; Signal Integrity Metrics (Fast 1100mv 85c Model)                                                                                                                                                                                                                                                                                                                                                                                                                                                                                                                                                                                                                                 ;
+-----+--------------+---------------------+---------------------+------------------------------+------------------------------+---------------------+---------------------+--------------------------------------+--------------------------------------+-----------------------------+-----------------------------+----------------------------+----------------------------+-----------------------------+-----------------------------+--------------------+--------------------+-------------------------------------+-------------------------------------+----------------------------+----------------------------+---------------------------+---------------------------+
; Pin ; I/O Standard ; Board Delay on Rise ; Board Delay on Fall ; Steady State Voh at FPGA Pin ; Steady State Vol at FPGA Pin ; Voh Max at FPGA Pin ; Vol Min at FPGA Pin ; Ringback Voltage on Rise at FPGA Pin ; Ringback Voltage on Fall at FPGA Pin ; 10-90 Rise Time at FPGA Pin ; 90-10 Fall Time at FPGA Pin ; Monotonic Rise at FPGA Pin ; Monotonic Fall at FPGA Pin ; Steady State Voh at Far-end ; Steady State Vol at Far-end ; Voh Max at Far-end ; Vol Min at Far-end ; Ringback Voltage on Rise at Far-end ; Ringback Voltage on Fall at Far-end ; 10-90 Rise Time at Far-end ; 90-10 Fall Time at Far-end ; Monotonic Rise at Far-end ; Monotonic Fall at Far-end ;
+-----+--------------+---------------------+---------------------+------------------------------+------------------------------+---------------------+---------------------+--------------------------------------+--------------------------------------+-----------------------------+-----------------------------+----------------------------+----------------------------+-----------------------------+-----------------------------+--------------------+--------------------+-------------------------------------+-------------------------------------+----------------------------+----------------------------+---------------------------+---------------------------+


-------------------
; Clock Transfers ;
-------------------
Nothing to report.


---------------
; Report TCCS ;
---------------
No dedicated SERDES Transmitter circuitry present in device or used in design


---------------
; Report RSKM ;
---------------
No non-DPA dedicated SERDES Receiver circuitry present in device or used in design


+------------------------------------------------+
; Unconstrained Paths Summary                    ;
+---------------------------------+-------+------+
; Property                        ; Setup ; Hold ;
+---------------------------------+-------+------+
; Illegal Clocks                  ; 0     ; 0    ;
; Unconstrained Clocks            ; 0     ; 0    ;
; Unconstrained Input Ports       ; 87    ; 87   ;
; Unconstrained Input Port Paths  ; 8480  ; 8480 ;
; Unconstrained Output Ports      ; 96    ; 96   ;
; Unconstrained Output Port Paths ; 3456  ; 3456 ;
+---------------------------------+-------+------+


+-------------------------------------+
; Clock Status Summary                ;
+--------+-------+------+-------------+
; Target ; Clock ; Type ; Status      ;
+--------+-------+------+-------------+
; iCLK   ; iCLK  ; Base ; Constrained ;
+--------+-------+------+-------------+


+----------------------------------------------------------------------------------------------------------+
; Unconstrained Input Ports                                                                                ;
+-------------------+--------------------------------------------------------------------------------------+
; Input Port        ; Comment                                                                              ;
+-------------------+--------------------------------------------------------------------------------------+
; iA0en             ; No input delay, min/max delays, false-path exceptions, or max skew assignments found ;
; iCLR              ; No input delay, min/max delays, false-path exceptions, or max skew assignments found ;
; iReadRegister1[0] ; No input delay, min/max delays, false-path exceptions, or max skew assignments found ;
; iReadRegister1[1] ; No input delay, min/max delays, false-path exceptions, or max skew assignments found ;
; iReadRegister1[2] ; No input delay, min/max delays, false-path exceptions, or max skew assignments found ;
; iReadRegister1[3] ; No input delay, min/max delays, false-path exceptions, or max skew assignments found ;
; iReadRegister1[4] ; No input delay, min/max delays, false-path exceptions, or max skew assignments found ;
; iReadRegister2[0] ; No input delay, min/max delays, false-path exceptions, or max skew assignments found ;
; iReadRegister2[1] ; No input delay, min/max delays, false-path exceptions, or max skew assignments found ;
; iReadRegister2[2] ; No input delay, min/max delays, false-path exceptions, or max skew assignments found ;
; iReadRegister2[3] ; No input delay, min/max delays, false-path exceptions, or max skew assignments found ;
; iReadRegister2[4] ; No input delay, min/max delays, false-path exceptions, or max skew assignments found ;
; iRegA0[0]         ; No input delay, min/max delays, false-path exceptions, or max skew assignments found ;
; iRegA0[1]         ; No input delay, min/max delays, false-path exceptions, or max skew assignments found ;
; iRegA0[2]         ; No input delay, min/max delays, false-path exceptions, or max skew assignments found ;
; iRegA0[3]         ; No input delay, min/max delays, false-path exceptions, or max skew assignments found ;
; iRegA0[4]         ; No input delay, min/max delays, false-path exceptions, or max skew assignments found ;
; iRegA0[5]         ; No input delay, min/max delays, false-path exceptions, or max skew assignments found ;
; iRegA0[6]         ; No input delay, min/max delays, false-path exceptions, or max skew assignments found ;
; iRegA0[7]         ; No input delay, min/max delays, false-path exceptions, or max skew assignments found ;
; iRegA0[8]         ; No input delay, min/max delays, false-path exceptions, or max skew assignments found ;
; iRegA0[9]         ; No input delay, min/max delays, false-path exceptions, or max skew assignments found ;
; iRegA0[10]        ; No input delay, min/max delays, false-path exceptions, or max skew assignments found ;
; iRegA0[11]        ; No input delay, min/max delays, false-path exceptions, or max skew assignments found ;
; iRegA0[12]        ; No input delay, min/max delays, false-path exceptions, or max skew assignments found ;
; iRegA0[13]        ; No input delay, min/max delays, false-path exceptions, or max skew assignments found ;
; iRegA0[14]        ; No input delay, min/max delays, false-path exceptions, or max skew assignments found ;
; iRegA0[15]        ; No input delay, min/max delays, false-path exceptions, or max skew assignments found ;
; iRegA0[16]        ; No input delay, min/max delays, false-path exceptions, or max skew assignments found ;
; iRegA0[17]        ; No input delay, min/max delays, false-path exceptions, or max skew assignments found ;
; iRegA0[18]        ; No input delay, min/max delays, false-path exceptions, or max skew assignments found ;
; iRegA0[19]        ; No input delay, min/max delays, false-path exceptions, or max skew assignments found ;
; iRegA0[20]        ; No input delay, min/max delays, false-path exceptions, or max skew assignments found ;
; iRegA0[21]        ; No input delay, min/max delays, false-path exceptions, or max skew assignments found ;
; iRegA0[22]        ; No input delay, min/max delays, false-path exceptions, or max skew assignments found ;
; iRegA0[23]        ; No input delay, min/max delays, false-path exceptions, or max skew assignments found ;
; iRegA0[24]        ; No input delay, min/max delays, false-path exceptions, or max skew assignments found ;
; iRegA0[25]        ; No input delay, min/max delays, false-path exceptions, or max skew assignments found ;
; iRegA0[26]        ; No input delay, min/max delays, false-path exceptions, or max skew assignments found ;
; iRegA0[27]        ; No input delay, min/max delays, false-path exceptions, or max skew assignments found ;
; iRegA0[28]        ; No input delay, min/max delays, false-path exceptions, or max skew assignments found ;
; iRegA0[29]        ; No input delay, min/max delays, false-path exceptions, or max skew assignments found ;
; iRegA0[30]        ; No input delay, min/max delays, false-path exceptions, or max skew assignments found ;
; iRegA0[31]        ; No input delay, min/max delays, false-path exceptions, or max skew assignments found ;
; iRegDispSelect[0] ; No input delay, min/max delays, false-path exceptions, or max skew assignments found ;
; iRegDispSelect[1] ; No input delay, min/max delays, false-path exceptions, or max skew assignments found ;
; iRegDispSelect[2] ; No input delay, min/max delays, false-path exceptions, or max skew assignments found ;
; iRegDispSelect[3] ; No input delay, min/max delays, false-path exceptions, or max skew assignments found ;
; iRegDispSelect[4] ; No input delay, min/max delays, false-path exceptions, or max skew assignments found ;
; iRegWrite         ; No input delay, min/max delays, false-path exceptions, or max skew assignments found ;
; iWriteData[0]     ; No input delay, min/max delays, false-path exceptions, or max skew assignments found ;
; iWriteData[1]     ; No input delay, min/max delays, false-path exceptions, or max skew assignments found ;
; iWriteData[2]     ; No input delay, min/max delays, false-path exceptions, or max skew assignments found ;
; iWriteData[3]     ; No input delay, min/max delays, false-path exceptions, or max skew assignments found ;
; iWriteData[4]     ; No input delay, min/max delays, false-path exceptions, or max skew assignments found ;
; iWriteData[5]     ; No input delay, min/max delays, false-path exceptions, or max skew assignments found ;
; iWriteData[6]     ; No input delay, min/max delays, false-path exceptions, or max skew assignments found ;
; iWriteData[7]     ; No input delay, min/max delays, false-path exceptions, or max skew assignments found ;
; iWriteData[8]     ; No input delay, min/max delays, false-path exceptions, or max skew assignments found ;
; iWriteData[9]     ; No input delay, min/max delays, false-path exceptions, or max skew assignments found ;
; iWriteData[10]    ; No input delay, min/max delays, false-path exceptions, or max skew assignments found ;
; iWriteData[11]    ; No input delay, min/max delays, false-path exceptions, or max skew assignments found ;
; iWriteData[12]    ; No input delay, min/max delays, false-path exceptions, or max skew assignments found ;
; iWriteData[13]    ; No input delay, min/max delays, false-path exceptions, or max skew assignments found ;
; iWriteData[14]    ; No input delay, min/max delays, false-path exceptions, or max skew assignments found ;
; iWriteData[15]    ; No input delay, min/max delays, false-path exceptions, or max skew assignments found ;
; iWriteData[16]    ; No input delay, min/max delays, false-path exceptions, or max skew assignments found ;
; iWriteData[17]    ; No input delay, min/max delays, false-path exceptions, or max skew assignments found ;
; iWriteData[18]    ; No input delay, min/max delays, false-path exceptions, or max skew assignments found ;
; iWriteData[19]    ; No input delay, min/max delays, false-path exceptions, or max skew assignments found ;
; iWriteData[20]    ; No input delay, min/max delays, false-path exceptions, or max skew assignments found ;
; iWriteData[21]    ; No input delay, min/max delays, false-path exceptions, or max skew assignments found ;
; iWriteData[22]    ; No input delay, min/max delays, false-path exceptions, or max skew assignments found ;
; iWriteData[23]    ; No input delay, min/max delays, false-path exceptions, or max skew assignments found ;
; iWriteData[24]    ; No input delay, min/max delays, false-path exceptions, or max skew assignments found ;
; iWriteData[25]    ; No input delay, min/max delays, false-path exceptions, or max skew assignments found ;
; iWriteData[26]    ; No input delay, min/max delays, false-path exceptions, or max skew assignments found ;
; iWriteData[27]    ; No input delay, min/max delays, false-path exceptions, or max skew assignments found ;
; iWriteData[28]    ; No input delay, min/max delays, false-path exceptions, or max skew assignments found ;
; iWriteData[29]    ; No input delay, min/max delays, false-path exceptions, or max skew assignments found ;
; iWriteData[30]    ; No input delay, min/max delays, false-path exceptions, or max skew assignments found ;
; iWriteData[31]    ; No input delay, min/max delays, false-path exceptions, or max skew assignments found ;
; iWriteRegister[0] ; No input delay, min/max delays, false-path exceptions, or max skew assignments found ;
; iWriteRegister[1] ; No input delay, min/max delays, false-path exceptions, or max skew assignments found ;
; iWriteRegister[2] ; No input delay, min/max delays, false-path exceptions, or max skew assignments found ;
; iWriteRegister[3] ; No input delay, min/max delays, false-path exceptions, or max skew assignments found ;
; iWriteRegister[4] ; No input delay, min/max delays, false-path exceptions, or max skew assignments found ;
+-------------------+--------------------------------------------------------------------------------------+


+--------------------------------------------------------------------------------------------------------+
; Unconstrained Output Ports                                                                             ;
+----------------+---------------------------------------------------------------------------------------+
; Output Port    ; Comment                                                                               ;
+----------------+---------------------------------------------------------------------------------------+
; oReadData1[0]  ; No output delay, min/max delays, false-path exceptions, or max skew assignments found ;
; oReadData1[1]  ; No output delay, min/max delays, false-path exceptions, or max skew assignments found ;
; oReadData1[2]  ; No output delay, min/max delays, false-path exceptions, or max skew assignments found ;
; oReadData1[3]  ; No output delay, min/max delays, false-path exceptions, or max skew assignments found ;
; oReadData1[4]  ; No output delay, min/max delays, false-path exceptions, or max skew assignments found ;
; oReadData1[5]  ; No output delay, min/max delays, false-path exceptions, or max skew assignments found ;
; oReadData1[6]  ; No output delay, min/max delays, false-path exceptions, or max skew assignments found ;
; oReadData1[7]  ; No output delay, min/max delays, false-path exceptions, or max skew assignments found ;
; oReadData1[8]  ; No output delay, min/max delays, false-path exceptions, or max skew assignments found ;
; oReadData1[9]  ; No output delay, min/max delays, false-path exceptions, or max skew assignments found ;
; oReadData1[10] ; No output delay, min/max delays, false-path exceptions, or max skew assignments found ;
; oReadData1[11] ; No output delay, min/max delays, false-path exceptions, or max skew assignments found ;
; oReadData1[12] ; No output delay, min/max delays, false-path exceptions, or max skew assignments found ;
; oReadData1[13] ; No output delay, min/max delays, false-path exceptions, or max skew assignments found ;
; oReadData1[14] ; No output delay, min/max delays, false-path exceptions, or max skew assignments found ;
; oReadData1[15] ; No output delay, min/max delays, false-path exceptions, or max skew assignments found ;
; oReadData1[16] ; No output delay, min/max delays, false-path exceptions, or max skew assignments found ;
; oReadData1[17] ; No output delay, min/max delays, false-path exceptions, or max skew assignments found ;
; oReadData1[18] ; No output delay, min/max delays, false-path exceptions, or max skew assignments found ;
; oReadData1[19] ; No output delay, min/max delays, false-path exceptions, or max skew assignments found ;
; oReadData1[20] ; No output delay, min/max delays, false-path exceptions, or max skew assignments found ;
; oReadData1[21] ; No output delay, min/max delays, false-path exceptions, or max skew assignments found ;
; oReadData1[22] ; No output delay, min/max delays, false-path exceptions, or max skew assignments found ;
; oReadData1[23] ; No output delay, min/max delays, false-path exceptions, or max skew assignments found ;
; oReadData1[24] ; No output delay, min/max delays, false-path exceptions, or max skew assignments found ;
; oReadData1[25] ; No output delay, min/max delays, false-path exceptions, or max skew assignments found ;
; oReadData1[26] ; No output delay, min/max delays, false-path exceptions, or max skew assignments found ;
; oReadData1[27] ; No output delay, min/max delays, false-path exceptions, or max skew assignments found ;
; oReadData1[28] ; No output delay, min/max delays, false-path exceptions, or max skew assignments found ;
; oReadData1[29] ; No output delay, min/max delays, false-path exceptions, or max skew assignments found ;
; oReadData1[30] ; No output delay, min/max delays, false-path exceptions, or max skew assignments found ;
; oReadData1[31] ; No output delay, min/max delays, false-path exceptions, or max skew assignments found ;
; oReadData2[0]  ; No output delay, min/max delays, false-path exceptions, or max skew assignments found ;
; oReadData2[1]  ; No output delay, min/max delays, false-path exceptions, or max skew assignments found ;
; oReadData2[2]  ; No output delay, min/max delays, false-path exceptions, or max skew assignments found ;
; oReadData2[3]  ; No output delay, min/max delays, false-path exceptions, or max skew assignments found ;
; oReadData2[4]  ; No output delay, min/max delays, false-path exceptions, or max skew assignments found ;
; oReadData2[5]  ; No output delay, min/max delays, false-path exceptions, or max skew assignments found ;
; oReadData2[6]  ; No output delay, min/max delays, false-path exceptions, or max skew assignments found ;
; oReadData2[7]  ; No output delay, min/max delays, false-path exceptions, or max skew assignments found ;
; oReadData2[8]  ; No output delay, min/max delays, false-path exceptions, or max skew assignments found ;
; oReadData2[9]  ; No output delay, min/max delays, false-path exceptions, or max skew assignments found ;
; oReadData2[10] ; No output delay, min/max delays, false-path exceptions, or max skew assignments found ;
; oReadData2[11] ; No output delay, min/max delays, false-path exceptions, or max skew assignments found ;
; oReadData2[12] ; No output delay, min/max delays, false-path exceptions, or max skew assignments found ;
; oReadData2[13] ; No output delay, min/max delays, false-path exceptions, or max skew assignments found ;
; oReadData2[14] ; No output delay, min/max delays, false-path exceptions, or max skew assignments found ;
; oReadData2[15] ; No output delay, min/max delays, false-path exceptions, or max skew assignments found ;
; oReadData2[16] ; No output delay, min/max delays, false-path exceptions, or max skew assignments found ;
; oReadData2[17] ; No output delay, min/max delays, false-path exceptions, or max skew assignments found ;
; oReadData2[18] ; No output delay, min/max delays, false-path exceptions, or max skew assignments found ;
; oReadData2[19] ; No output delay, min/max delays, false-path exceptions, or max skew assignments found ;
; oReadData2[20] ; No output delay, min/max delays, false-path exceptions, or max skew assignments found ;
; oReadData2[21] ; No output delay, min/max delays, false-path exceptions, or max skew assignments found ;
; oReadData2[22] ; No output delay, min/max delays, false-path exceptions, or max skew assignments found ;
; oReadData2[23] ; No output delay, min/max delays, false-path exceptions, or max skew assignments found ;
; oReadData2[24] ; No output delay, min/max delays, false-path exceptions, or max skew assignments found ;
; oReadData2[25] ; No output delay, min/max delays, false-path exceptions, or max skew assignments found ;
; oReadData2[26] ; No output delay, min/max delays, false-path exceptions, or max skew assignments found ;
; oReadData2[27] ; No output delay, min/max delays, false-path exceptions, or max skew assignments found ;
; oReadData2[28] ; No output delay, min/max delays, false-path exceptions, or max skew assignments found ;
; oReadData2[29] ; No output delay, min/max delays, false-path exceptions, or max skew assignments found ;
; oReadData2[30] ; No output delay, min/max delays, false-path exceptions, or max skew assignments found ;
; oReadData2[31] ; No output delay, min/max delays, false-path exceptions, or max skew assignments found ;
; oRegDisp[0]    ; No output delay, min/max delays, false-path exceptions, or max skew assignments found ;
; oRegDisp[1]    ; No output delay, min/max delays, false-path exceptions, or max skew assignments found ;
; oRegDisp[2]    ; No output delay, min/max delays, false-path exceptions, or max skew assignments found ;
; oRegDisp[3]    ; No output delay, min/max delays, false-path exceptions, or max skew assignments found ;
; oRegDisp[4]    ; No output delay, min/max delays, false-path exceptions, or max skew assignments found ;
; oRegDisp[5]    ; No output delay, min/max delays, false-path exceptions, or max skew assignments found ;
; oRegDisp[6]    ; No output delay, min/max delays, false-path exceptions, or max skew assignments found ;
; oRegDisp[7]    ; No output delay, min/max delays, false-path exceptions, or max skew assignments found ;
; oRegDisp[8]    ; No output delay, min/max delays, false-path exceptions, or max skew assignments found ;
; oRegDisp[9]    ; No output delay, min/max delays, false-path exceptions, or max skew assignments found ;
; oRegDisp[10]   ; No output delay, min/max delays, false-path exceptions, or max skew assignments found ;
; oRegDisp[11]   ; No output delay, min/max delays, false-path exceptions, or max skew assignments found ;
; oRegDisp[12]   ; No output delay, min/max delays, false-path exceptions, or max skew assignments found ;
; oRegDisp[13]   ; No output delay, min/max delays, false-path exceptions, or max skew assignments found ;
; oRegDisp[14]   ; No output delay, min/max delays, false-path exceptions, or max skew assignments found ;
; oRegDisp[15]   ; No output delay, min/max delays, false-path exceptions, or max skew assignments found ;
; oRegDisp[16]   ; No output delay, min/max delays, false-path exceptions, or max skew assignments found ;
; oRegDisp[17]   ; No output delay, min/max delays, false-path exceptions, or max skew assignments found ;
; oRegDisp[18]   ; No output delay, min/max delays, false-path exceptions, or max skew assignments found ;
; oRegDisp[19]   ; No output delay, min/max delays, false-path exceptions, or max skew assignments found ;
; oRegDisp[20]   ; No output delay, min/max delays, false-path exceptions, or max skew assignments found ;
; oRegDisp[21]   ; No output delay, min/max delays, false-path exceptions, or max skew assignments found ;
; oRegDisp[22]   ; No output delay, min/max delays, false-path exceptions, or max skew assignments found ;
; oRegDisp[23]   ; No output delay, min/max delays, false-path exceptions, or max skew assignments found ;
; oRegDisp[24]   ; No output delay, min/max delays, false-path exceptions, or max skew assignments found ;
; oRegDisp[25]   ; No output delay, min/max delays, false-path exceptions, or max skew assignments found ;
; oRegDisp[26]   ; No output delay, min/max delays, false-path exceptions, or max skew assignments found ;
; oRegDisp[27]   ; No output delay, min/max delays, false-path exceptions, or max skew assignments found ;
; oRegDisp[28]   ; No output delay, min/max delays, false-path exceptions, or max skew assignments found ;
; oRegDisp[29]   ; No output delay, min/max delays, false-path exceptions, or max skew assignments found ;
; oRegDisp[30]   ; No output delay, min/max delays, false-path exceptions, or max skew assignments found ;
; oRegDisp[31]   ; No output delay, min/max delays, false-path exceptions, or max skew assignments found ;
+----------------+---------------------------------------------------------------------------------------+


+----------------------------------------------------------------------------------------------------------+
; Unconstrained Input Ports                                                                                ;
+-------------------+--------------------------------------------------------------------------------------+
; Input Port        ; Comment                                                                              ;
+-------------------+--------------------------------------------------------------------------------------+
; iA0en             ; No input delay, min/max delays, false-path exceptions, or max skew assignments found ;
; iCLR              ; No input delay, min/max delays, false-path exceptions, or max skew assignments found ;
; iReadRegister1[0] ; No input delay, min/max delays, false-path exceptions, or max skew assignments found ;
; iReadRegister1[1] ; No input delay, min/max delays, false-path exceptions, or max skew assignments found ;
; iReadRegister1[2] ; No input delay, min/max delays, false-path exceptions, or max skew assignments found ;
; iReadRegister1[3] ; No input delay, min/max delays, false-path exceptions, or max skew assignments found ;
; iReadRegister1[4] ; No input delay, min/max delays, false-path exceptions, or max skew assignments found ;
; iReadRegister2[0] ; No input delay, min/max delays, false-path exceptions, or max skew assignments found ;
; iReadRegister2[1] ; No input delay, min/max delays, false-path exceptions, or max skew assignments found ;
; iReadRegister2[2] ; No input delay, min/max delays, false-path exceptions, or max skew assignments found ;
; iReadRegister2[3] ; No input delay, min/max delays, false-path exceptions, or max skew assignments found ;
; iReadRegister2[4] ; No input delay, min/max delays, false-path exceptions, or max skew assignments found ;
; iRegA0[0]         ; No input delay, min/max delays, false-path exceptions, or max skew assignments found ;
; iRegA0[1]         ; No input delay, min/max delays, false-path exceptions, or max skew assignments found ;
; iRegA0[2]         ; No input delay, min/max delays, false-path exceptions, or max skew assignments found ;
; iRegA0[3]         ; No input delay, min/max delays, false-path exceptions, or max skew assignments found ;
; iRegA0[4]         ; No input delay, min/max delays, false-path exceptions, or max skew assignments found ;
; iRegA0[5]         ; No input delay, min/max delays, false-path exceptions, or max skew assignments found ;
; iRegA0[6]         ; No input delay, min/max delays, false-path exceptions, or max skew assignments found ;
; iRegA0[7]         ; No input delay, min/max delays, false-path exceptions, or max skew assignments found ;
; iRegA0[8]         ; No input delay, min/max delays, false-path exceptions, or max skew assignments found ;
; iRegA0[9]         ; No input delay, min/max delays, false-path exceptions, or max skew assignments found ;
; iRegA0[10]        ; No input delay, min/max delays, false-path exceptions, or max skew assignments found ;
; iRegA0[11]        ; No input delay, min/max delays, false-path exceptions, or max skew assignments found ;
; iRegA0[12]        ; No input delay, min/max delays, false-path exceptions, or max skew assignments found ;
; iRegA0[13]        ; No input delay, min/max delays, false-path exceptions, or max skew assignments found ;
; iRegA0[14]        ; No input delay, min/max delays, false-path exceptions, or max skew assignments found ;
; iRegA0[15]        ; No input delay, min/max delays, false-path exceptions, or max skew assignments found ;
; iRegA0[16]        ; No input delay, min/max delays, false-path exceptions, or max skew assignments found ;
; iRegA0[17]        ; No input delay, min/max delays, false-path exceptions, or max skew assignments found ;
; iRegA0[18]        ; No input delay, min/max delays, false-path exceptions, or max skew assignments found ;
; iRegA0[19]        ; No input delay, min/max delays, false-path exceptions, or max skew assignments found ;
; iRegA0[20]        ; No input delay, min/max delays, false-path exceptions, or max skew assignments found ;
; iRegA0[21]        ; No input delay, min/max delays, false-path exceptions, or max skew assignments found ;
; iRegA0[22]        ; No input delay, min/max delays, false-path exceptions, or max skew assignments found ;
; iRegA0[23]        ; No input delay, min/max delays, false-path exceptions, or max skew assignments found ;
; iRegA0[24]        ; No input delay, min/max delays, false-path exceptions, or max skew assignments found ;
; iRegA0[25]        ; No input delay, min/max delays, false-path exceptions, or max skew assignments found ;
; iRegA0[26]        ; No input delay, min/max delays, false-path exceptions, or max skew assignments found ;
; iRegA0[27]        ; No input delay, min/max delays, false-path exceptions, or max skew assignments found ;
; iRegA0[28]        ; No input delay, min/max delays, false-path exceptions, or max skew assignments found ;
; iRegA0[29]        ; No input delay, min/max delays, false-path exceptions, or max skew assignments found ;
; iRegA0[30]        ; No input delay, min/max delays, false-path exceptions, or max skew assignments found ;
; iRegA0[31]        ; No input delay, min/max delays, false-path exceptions, or max skew assignments found ;
; iRegDispSelect[0] ; No input delay, min/max delays, false-path exceptions, or max skew assignments found ;
; iRegDispSelect[1] ; No input delay, min/max delays, false-path exceptions, or max skew assignments found ;
; iRegDispSelect[2] ; No input delay, min/max delays, false-path exceptions, or max skew assignments found ;
; iRegDispSelect[3] ; No input delay, min/max delays, false-path exceptions, or max skew assignments found ;
; iRegDispSelect[4] ; No input delay, min/max delays, false-path exceptions, or max skew assignments found ;
; iRegWrite         ; No input delay, min/max delays, false-path exceptions, or max skew assignments found ;
; iWriteData[0]     ; No input delay, min/max delays, false-path exceptions, or max skew assignments found ;
; iWriteData[1]     ; No input delay, min/max delays, false-path exceptions, or max skew assignments found ;
; iWriteData[2]     ; No input delay, min/max delays, false-path exceptions, or max skew assignments found ;
; iWriteData[3]     ; No input delay, min/max delays, false-path exceptions, or max skew assignments found ;
; iWriteData[4]     ; No input delay, min/max delays, false-path exceptions, or max skew assignments found ;
; iWriteData[5]     ; No input delay, min/max delays, false-path exceptions, or max skew assignments found ;
; iWriteData[6]     ; No input delay, min/max delays, false-path exceptions, or max skew assignments found ;
; iWriteData[7]     ; No input delay, min/max delays, false-path exceptions, or max skew assignments found ;
; iWriteData[8]     ; No input delay, min/max delays, false-path exceptions, or max skew assignments found ;
; iWriteData[9]     ; No input delay, min/max delays, false-path exceptions, or max skew assignments found ;
; iWriteData[10]    ; No input delay, min/max delays, false-path exceptions, or max skew assignments found ;
; iWriteData[11]    ; No input delay, min/max delays, false-path exceptions, or max skew assignments found ;
; iWriteData[12]    ; No input delay, min/max delays, false-path exceptions, or max skew assignments found ;
; iWriteData[13]    ; No input delay, min/max delays, false-path exceptions, or max skew assignments found ;
; iWriteData[14]    ; No input delay, min/max delays, false-path exceptions, or max skew assignments found ;
; iWriteData[15]    ; No input delay, min/max delays, false-path exceptions, or max skew assignments found ;
; iWriteData[16]    ; No input delay, min/max delays, false-path exceptions, or max skew assignments found ;
; iWriteData[17]    ; No input delay, min/max delays, false-path exceptions, or max skew assignments found ;
; iWriteData[18]    ; No input delay, min/max delays, false-path exceptions, or max skew assignments found ;
; iWriteData[19]    ; No input delay, min/max delays, false-path exceptions, or max skew assignments found ;
; iWriteData[20]    ; No input delay, min/max delays, false-path exceptions, or max skew assignments found ;
; iWriteData[21]    ; No input delay, min/max delays, false-path exceptions, or max skew assignments found ;
; iWriteData[22]    ; No input delay, min/max delays, false-path exceptions, or max skew assignments found ;
; iWriteData[23]    ; No input delay, min/max delays, false-path exceptions, or max skew assignments found ;
; iWriteData[24]    ; No input delay, min/max delays, false-path exceptions, or max skew assignments found ;
; iWriteData[25]    ; No input delay, min/max delays, false-path exceptions, or max skew assignments found ;
; iWriteData[26]    ; No input delay, min/max delays, false-path exceptions, or max skew assignments found ;
; iWriteData[27]    ; No input delay, min/max delays, false-path exceptions, or max skew assignments found ;
; iWriteData[28]    ; No input delay, min/max delays, false-path exceptions, or max skew assignments found ;
; iWriteData[29]    ; No input delay, min/max delays, false-path exceptions, or max skew assignments found ;
; iWriteData[30]    ; No input delay, min/max delays, false-path exceptions, or max skew assignments found ;
; iWriteData[31]    ; No input delay, min/max delays, false-path exceptions, or max skew assignments found ;
; iWriteRegister[0] ; No input delay, min/max delays, false-path exceptions, or max skew assignments found ;
; iWriteRegister[1] ; No input delay, min/max delays, false-path exceptions, or max skew assignments found ;
; iWriteRegister[2] ; No input delay, min/max delays, false-path exceptions, or max skew assignments found ;
; iWriteRegister[3] ; No input delay, min/max delays, false-path exceptions, or max skew assignments found ;
; iWriteRegister[4] ; No input delay, min/max delays, false-path exceptions, or max skew assignments found ;
+-------------------+--------------------------------------------------------------------------------------+


+--------------------------------------------------------------------------------------------------------+
; Unconstrained Output Ports                                                                             ;
+----------------+---------------------------------------------------------------------------------------+
; Output Port    ; Comment                                                                               ;
+----------------+---------------------------------------------------------------------------------------+
; oReadData1[0]  ; No output delay, min/max delays, false-path exceptions, or max skew assignments found ;
; oReadData1[1]  ; No output delay, min/max delays, false-path exceptions, or max skew assignments found ;
; oReadData1[2]  ; No output delay, min/max delays, false-path exceptions, or max skew assignments found ;
; oReadData1[3]  ; No output delay, min/max delays, false-path exceptions, or max skew assignments found ;
; oReadData1[4]  ; No output delay, min/max delays, false-path exceptions, or max skew assignments found ;
; oReadData1[5]  ; No output delay, min/max delays, false-path exceptions, or max skew assignments found ;
; oReadData1[6]  ; No output delay, min/max delays, false-path exceptions, or max skew assignments found ;
; oReadData1[7]  ; No output delay, min/max delays, false-path exceptions, or max skew assignments found ;
; oReadData1[8]  ; No output delay, min/max delays, false-path exceptions, or max skew assignments found ;
; oReadData1[9]  ; No output delay, min/max delays, false-path exceptions, or max skew assignments found ;
; oReadData1[10] ; No output delay, min/max delays, false-path exceptions, or max skew assignments found ;
; oReadData1[11] ; No output delay, min/max delays, false-path exceptions, or max skew assignments found ;
; oReadData1[12] ; No output delay, min/max delays, false-path exceptions, or max skew assignments found ;
; oReadData1[13] ; No output delay, min/max delays, false-path exceptions, or max skew assignments found ;
; oReadData1[14] ; No output delay, min/max delays, false-path exceptions, or max skew assignments found ;
; oReadData1[15] ; No output delay, min/max delays, false-path exceptions, or max skew assignments found ;
; oReadData1[16] ; No output delay, min/max delays, false-path exceptions, or max skew assignments found ;
; oReadData1[17] ; No output delay, min/max delays, false-path exceptions, or max skew assignments found ;
; oReadData1[18] ; No output delay, min/max delays, false-path exceptions, or max skew assignments found ;
; oReadData1[19] ; No output delay, min/max delays, false-path exceptions, or max skew assignments found ;
; oReadData1[20] ; No output delay, min/max delays, false-path exceptions, or max skew assignments found ;
; oReadData1[21] ; No output delay, min/max delays, false-path exceptions, or max skew assignments found ;
; oReadData1[22] ; No output delay, min/max delays, false-path exceptions, or max skew assignments found ;
; oReadData1[23] ; No output delay, min/max delays, false-path exceptions, or max skew assignments found ;
; oReadData1[24] ; No output delay, min/max delays, false-path exceptions, or max skew assignments found ;
; oReadData1[25] ; No output delay, min/max delays, false-path exceptions, or max skew assignments found ;
; oReadData1[26] ; No output delay, min/max delays, false-path exceptions, or max skew assignments found ;
; oReadData1[27] ; No output delay, min/max delays, false-path exceptions, or max skew assignments found ;
; oReadData1[28] ; No output delay, min/max delays, false-path exceptions, or max skew assignments found ;
; oReadData1[29] ; No output delay, min/max delays, false-path exceptions, or max skew assignments found ;
; oReadData1[30] ; No output delay, min/max delays, false-path exceptions, or max skew assignments found ;
; oReadData1[31] ; No output delay, min/max delays, false-path exceptions, or max skew assignments found ;
; oReadData2[0]  ; No output delay, min/max delays, false-path exceptions, or max skew assignments found ;
; oReadData2[1]  ; No output delay, min/max delays, false-path exceptions, or max skew assignments found ;
; oReadData2[2]  ; No output delay, min/max delays, false-path exceptions, or max skew assignments found ;
; oReadData2[3]  ; No output delay, min/max delays, false-path exceptions, or max skew assignments found ;
; oReadData2[4]  ; No output delay, min/max delays, false-path exceptions, or max skew assignments found ;
; oReadData2[5]  ; No output delay, min/max delays, false-path exceptions, or max skew assignments found ;
; oReadData2[6]  ; No output delay, min/max delays, false-path exceptions, or max skew assignments found ;
; oReadData2[7]  ; No output delay, min/max delays, false-path exceptions, or max skew assignments found ;
; oReadData2[8]  ; No output delay, min/max delays, false-path exceptions, or max skew assignments found ;
; oReadData2[9]  ; No output delay, min/max delays, false-path exceptions, or max skew assignments found ;
; oReadData2[10] ; No output delay, min/max delays, false-path exceptions, or max skew assignments found ;
; oReadData2[11] ; No output delay, min/max delays, false-path exceptions, or max skew assignments found ;
; oReadData2[12] ; No output delay, min/max delays, false-path exceptions, or max skew assignments found ;
; oReadData2[13] ; No output delay, min/max delays, false-path exceptions, or max skew assignments found ;
; oReadData2[14] ; No output delay, min/max delays, false-path exceptions, or max skew assignments found ;
; oReadData2[15] ; No output delay, min/max delays, false-path exceptions, or max skew assignments found ;
; oReadData2[16] ; No output delay, min/max delays, false-path exceptions, or max skew assignments found ;
; oReadData2[17] ; No output delay, min/max delays, false-path exceptions, or max skew assignments found ;
; oReadData2[18] ; No output delay, min/max delays, false-path exceptions, or max skew assignments found ;
; oReadData2[19] ; No output delay, min/max delays, false-path exceptions, or max skew assignments found ;
; oReadData2[20] ; No output delay, min/max delays, false-path exceptions, or max skew assignments found ;
; oReadData2[21] ; No output delay, min/max delays, false-path exceptions, or max skew assignments found ;
; oReadData2[22] ; No output delay, min/max delays, false-path exceptions, or max skew assignments found ;
; oReadData2[23] ; No output delay, min/max delays, false-path exceptions, or max skew assignments found ;
; oReadData2[24] ; No output delay, min/max delays, false-path exceptions, or max skew assignments found ;
; oReadData2[25] ; No output delay, min/max delays, false-path exceptions, or max skew assignments found ;
; oReadData2[26] ; No output delay, min/max delays, false-path exceptions, or max skew assignments found ;
; oReadData2[27] ; No output delay, min/max delays, false-path exceptions, or max skew assignments found ;
; oReadData2[28] ; No output delay, min/max delays, false-path exceptions, or max skew assignments found ;
; oReadData2[29] ; No output delay, min/max delays, false-path exceptions, or max skew assignments found ;
; oReadData2[30] ; No output delay, min/max delays, false-path exceptions, or max skew assignments found ;
; oReadData2[31] ; No output delay, min/max delays, false-path exceptions, or max skew assignments found ;
; oRegDisp[0]    ; No output delay, min/max delays, false-path exceptions, or max skew assignments found ;
; oRegDisp[1]    ; No output delay, min/max delays, false-path exceptions, or max skew assignments found ;
; oRegDisp[2]    ; No output delay, min/max delays, false-path exceptions, or max skew assignments found ;
; oRegDisp[3]    ; No output delay, min/max delays, false-path exceptions, or max skew assignments found ;
; oRegDisp[4]    ; No output delay, min/max delays, false-path exceptions, or max skew assignments found ;
; oRegDisp[5]    ; No output delay, min/max delays, false-path exceptions, or max skew assignments found ;
; oRegDisp[6]    ; No output delay, min/max delays, false-path exceptions, or max skew assignments found ;
; oRegDisp[7]    ; No output delay, min/max delays, false-path exceptions, or max skew assignments found ;
; oRegDisp[8]    ; No output delay, min/max delays, false-path exceptions, or max skew assignments found ;
; oRegDisp[9]    ; No output delay, min/max delays, false-path exceptions, or max skew assignments found ;
; oRegDisp[10]   ; No output delay, min/max delays, false-path exceptions, or max skew assignments found ;
; oRegDisp[11]   ; No output delay, min/max delays, false-path exceptions, or max skew assignments found ;
; oRegDisp[12]   ; No output delay, min/max delays, false-path exceptions, or max skew assignments found ;
; oRegDisp[13]   ; No output delay, min/max delays, false-path exceptions, or max skew assignments found ;
; oRegDisp[14]   ; No output delay, min/max delays, false-path exceptions, or max skew assignments found ;
; oRegDisp[15]   ; No output delay, min/max delays, false-path exceptions, or max skew assignments found ;
; oRegDisp[16]   ; No output delay, min/max delays, false-path exceptions, or max skew assignments found ;
; oRegDisp[17]   ; No output delay, min/max delays, false-path exceptions, or max skew assignments found ;
; oRegDisp[18]   ; No output delay, min/max delays, false-path exceptions, or max skew assignments found ;
; oRegDisp[19]   ; No output delay, min/max delays, false-path exceptions, or max skew assignments found ;
; oRegDisp[20]   ; No output delay, min/max delays, false-path exceptions, or max skew assignments found ;
; oRegDisp[21]   ; No output delay, min/max delays, false-path exceptions, or max skew assignments found ;
; oRegDisp[22]   ; No output delay, min/max delays, false-path exceptions, or max skew assignments found ;
; oRegDisp[23]   ; No output delay, min/max delays, false-path exceptions, or max skew assignments found ;
; oRegDisp[24]   ; No output delay, min/max delays, false-path exceptions, or max skew assignments found ;
; oRegDisp[25]   ; No output delay, min/max delays, false-path exceptions, or max skew assignments found ;
; oRegDisp[26]   ; No output delay, min/max delays, false-path exceptions, or max skew assignments found ;
; oRegDisp[27]   ; No output delay, min/max delays, false-path exceptions, or max skew assignments found ;
; oRegDisp[28]   ; No output delay, min/max delays, false-path exceptions, or max skew assignments found ;
; oRegDisp[29]   ; No output delay, min/max delays, false-path exceptions, or max skew assignments found ;
; oRegDisp[30]   ; No output delay, min/max delays, false-path exceptions, or max skew assignments found ;
; oRegDisp[31]   ; No output delay, min/max delays, false-path exceptions, or max skew assignments found ;
+----------------+---------------------------------------------------------------------------------------+


+--------------------------+
; Timing Analyzer Messages ;
+--------------------------+
Info: *******************************************************************
Info: Running Quartus Prime Timing Analyzer
    Info: Version 18.1.0 Build 625 09/12/2018 SJ Lite Edition
    Info: Processing started: Sun Jun 16 15:03:48 2019
Info: Command: quartus_sta uniciclo -c uniciclo
Info: qsta_default_script.tcl version: #1
Warning (18236): Number of processors has not been specified which may cause overloading on shared machines.  Set the global assignment NUM_PARALLEL_PROCESSORS in your QSF to an appropriate value for best performance.
Info (20030): Parallel compilation is enabled and will use 2 of the 2 processors detected
Info (21077): Low junction temperature is 0 degrees C
Info (21077): High junction temperature is 85 degrees C
Critical Warning (332012): Synopsys Design Constraints File file not found: 'uniciclo.sdc'. A Synopsys Design Constraints File is required by the Timing Analyzer to get proper timing constraints. Without it, the Compiler will not properly optimize the design.
Info (332142): No user constrained base clocks found in the design. Calling "derive_clocks -period 1.0"
Info (332105): Deriving Clocks
    Info (332105): create_clock -period 1.000 -name iCLK iCLK
Info (332143): No user constrained clock uncertainty found in the design. Calling "derive_clock_uncertainty"
Info (332154): The derive_clock_uncertainty command did not apply clock uncertainty to any clock-to-clock transfers.
Info: Found TIMING_ANALYZER_REPORT_SCRIPT_INCLUDE_DEFAULT_ANALYSIS = ON
Info: Analyzing Slow 1100mV 85C Model
Info (332140): No fmax paths to report
Info (332140): No Setup paths to report
Info (332140): No Hold paths to report
Info (332140): No Recovery paths to report
Info (332140): No Removal paths to report
Critical Warning (332148): Timing requirements not met
    Info (11105): For recommendations on closing timing, run Report Timing Closure Recommendations in the Timing Analyzer.
Info (332146): Worst-case minimum pulse width slack is -0.394
    Info (332119):     Slack       End Point TNS Clock 
    Info (332119): ========= =================== =====================
    Info (332119):    -0.394            -576.161 iCLK 
Info: Analyzing Slow 1100mV 0C Model
Info (334003): Started post-fitting delay annotation
Info (334004): Delay annotation completed successfully
Info (332154): The derive_clock_uncertainty command did not apply clock uncertainty to any clock-to-clock transfers.
Info (332140): No fmax paths to report
Info (332140): No Setup paths to report
Info (332140): No Hold paths to report
Info (332140): No Recovery paths to report
Info (332140): No Removal paths to report
Critical Warning (332148): Timing requirements not met
    Info (11105): For recommendations on closing timing, run Report Timing Closure Recommendations in the Timing Analyzer.
Info (332146): Worst-case minimum pulse width slack is -0.394
    Info (332119):     Slack       End Point TNS Clock 
    Info (332119): ========= =================== =====================
    Info (332119):    -0.394            -648.577 iCLK 
Info: Analyzing Fast 1100mV 85C Model
Info (334003): Started post-fitting delay annotation
Info (334004): Delay annotation completed successfully
Info (332154): The derive_clock_uncertainty command did not apply clock uncertainty to any clock-to-clock transfers.
Info (332140): No Setup paths to report
Info (332140): No Hold paths to report
Info (332140): No Recovery paths to report
Info (332140): No Removal paths to report
Info (332146): Worst-case minimum pulse width slack is 0.065
    Info (332119):     Slack       End Point TNS Clock 
    Info (332119): ========= =================== =====================
    Info (332119):     0.065               0.000 iCLK 
Info: Analyzing Fast 1100mV 0C Model
Info (332154): The derive_clock_uncertainty command did not apply clock uncertainty to any clock-to-clock transfers.
Info (332140): No Setup paths to report
Info (332140): No Hold paths to report
Info (332140): No Recovery paths to report
Info (332140): No Removal paths to report
Info (332146): Worst-case minimum pulse width slack is 0.052
    Info (332119):     Slack       End Point TNS Clock 
    Info (332119): ========= =================== =====================
    Info (332119):     0.052               0.000 iCLK 
Info (332102): Design is not fully constrained for setup requirements
Info (332102): Design is not fully constrained for hold requirements
Info: Quartus Prime Timing Analyzer was successful. 0 errors, 4 warnings
    Info: Peak virtual memory: 5154 megabytes
    Info: Processing ended: Sun Jun 16 15:04:18 2019
    Info: Elapsed time: 00:00:30
    Info: Total CPU time (on all processors): 00:00:27


